---
source: crates/fec-cli/src/commands/rss/render.rs
expression: terminal.backend()
snapshot_kind: text
---
"┌Recent Filings (loading...)───────────────────────────────────────────────────────────────────────┐"
"│Committee                                   Form   Report               Filing ID  Age            │"
"│                                                                                                  │"
"│                                                                                                  │"
"│                                                                                                  │"
"│                                                                                                  │"
"│                                                                                                  │"
"│                                                                                                  │"
"│                                                                                                  │"
"└──────────────────────────────────────────────────────────────────────────────────────────────────┘"
