---
source: crates/fec-cli/src/commands/rss/render.rs
expression: terminal.backend()
snapshot_kind: text
---
"Filters: Preset: Monthly │ Form: F3X │ Committee: C00401224 │ Party: DEM        "
"                                                                                "
"                                                                                "
