---
source: crates/fec-cli/src/commands/rss/render.rs
expression: terminal.backend()
snapshot_kind: text
---
"┌FEC RSS Feed──────────────────────────────────────────────────────────────────┐"
"│FEC Electronic Filing RSS Feed  Data: 0 seconds ago                           │"
"└──────────────────────────────────────────────────────────────────────────────┘"
"/act█                                                                           "
"┌Recent Filings (1 of 3)───────────────────────────────────────────────────────┐"
"│   Committee                                Form   Report   Filing ID Age     │"
"│>> ACTBLUE - Form F3X                       F3X    M2       1234567   -       │"
"│                                                                              │"
"│                                                                              │"
"│                                                                              │"
"│                                                                              │"
"│                                                                              │"
"│                                                                              │"
"│                                                                              │"
"│                                                                              │"
"│                                                                              │"
"│                                                                              │"
"│                                                                              │"
"│                                                                              │"
"│                                                                              │"
"└──────────────────────────────────────────────────────────────────────────────┘"
"────────────────────────────────────────────────────────────────────────────────"
"Next refresh: 4:59  │  q quit  r refresh  ↑↓/gg/G nav  Enter open  y copy  / sea"
"                    https://efilingapps.fec.gov/rss/generate                    "
