---
source: crates/fec-cli/src/tui/committee_detail.rs
expression: terminal.backend()
snapshot_kind: text
---
"DOE FOR CONGRESS (C00703975) [DEM]                                              "
"Principal campaign committee for DOE, JANE (H4CA12345)                          "
"Files Quarterly                                                                 "
"Address:                                                                        "
"  456 Main Street                                                               "
"  Los Angeles, CA 90001                                                         "
"                                                                                "
"                                                                                "
"                                                                                "
"                    ┌Copy to Clipboard─────────────────────┐                    "
"                    │Select what to copy:                  │                    "
"                    │                                      │                    "
"                    │   Committee ID: C00703975            │                    "
"                    │>> Candidate ID: H4CA12345            │                    "
"                    │   Committee Name: DOE FOR CONGRESS   │                    "
"                    │                                      │                    "
"┌Filings for C007039│↑/↓ or j/k navigate  Enter copy  Esc  │───────────────────┐"
"│Filing ID      Form│cancel                                │       Received    │"
"│Press 'f' to f     │                                      │                   │"
"│                   │                                      │                   │"
"│                   └──────────────────────────────────────┘                   │"
"│                                                                              │"
"│                                                                              │"
"│                                                                              │"
"│                                                                              │"
"│                                                                              │"
"│                                                                              │"
"└──────────────────────────────────────────────────────────────────────────────┘"
"────────────────────────────────────────────────────────────────────────────────"
"                      Esc/q back  o open  y copy  f filings                     "
