---
source: crates/fec-cli/src/tui/committee_detail.rs
expression: terminal.backend()
snapshot_kind: text
---
"FRIENDS OF DEMOCRACY PAC (C00401224)                                            "
"Committee ID: C00401224                                                         "
"                                                                                "
"Name: FRIENDS OF DEMOCRACY PAC                                                  "
"                                                                                "
"Treasurer: SMITH, JOHN Q                                                        "
"                                                                                "
"Address:                                                                        "
"  123 K Street NW                                                               "
"  Suite 400         ┌Copy to Clipboard─────────────────────┐                    "
"  Washington, DC 200│Select what to copy:                  │                    "
"                    │                                      │                    "
"Committee Type: Q - │>> Committee ID: C00401224            │                    "
"Designation: B - Lob│   Committee Name: FRIENDS OF         │                    "
"Filing Frequency: Q │DEMOCRACY PAC                         │                    "
"Connected Organizati│                                      │                    "
"┌Filings for C004012│↑/↓ or j/k navigate  Enter copy  Esc  │───────────────────┐"
"│Filing ID      Form│cancel                                │       Received    │"
"│Press 'f' to f     │                                      │                   │"
"│                   │                                      │                   │"
"│                   └──────────────────────────────────────┘                   │"
"│                                                                              │"
"│                                                                              │"
"│                                                                              │"
"│                                                                              │"
"│                                                                              │"
"│                                                                              │"
"└──────────────────────────────────────────────────────────────────────────────┘"
"────────────────────────────────────────────────────────────────────────────────"
"                      Esc/q back  o open  y copy  f filings                     "
