---
source: crates/fec-cli/src/tui/candidate_detail.rs
expression: terminal.backend()
snapshot_kind: text
---
"│John Q Smith (P00000001)                                                       "
"Democrat presidential candidate in 2024                                         "
"Campaign committee: C00123456                                                   "
"Address:                                                                        "
"  123 Campaign Trail                                                            "
"  Suite 100                                                                     "
"  Washington, DC 20001                                                          "
"              ┌Copy to Clipboard────────────────────────────────┐               "
"              │              Select what to copy:               │               "
"Press f to fet│                                                 │               "
"┌Filings for P│>> Candidate ID: P00000001                       │──────────────┐"
"│Filing ID    │   Committee ID: C00123456                       │  Received    │"
"│             │   Candidate Name: SMITH, JOHN Q                 │              │"
"│             │                                                 │              │"
"│             │   ↑/↓ or j/k navigate  Enter copy  Esc cancel   │              │"
"│             └─────────────────────────────────────────────────┘              │"
"│                                                                              │"
"│                                                                              │"
"│                                                                              │"
"│                                                                              │"
"│                                                                              │"
"└──────────────────────────────────────────────────────────────────────────────┘"
"────────────────────────────────────────────────────────────────────────────────"
"Esc/q back  c committee  a F1 affiliations  o fec.gov  r contest  y copy  f fili"
