---
source: crates/fec-cli/src/tui/committee_detail.rs
expression: terminal.backend()
snapshot_kind: text
---
"FRIENDS OF DEMOCRACY PAC (C00401224)                                                                                    "
"Lobbyist/Registrant PAC                                                                                                 "
"Files Quarterly                                                                                                         "
"Address:                                                                                                                "
"  123 K Street NW                                                                                                       "
"  Suite 400                                                                                                             "
"  Washington, DC 20001                                                                                                  "
"                                                                                                                        "
"Connected Organization: DEMOCRACY CORP                                                                                  "
"                                                                                                                        "
"                                                                                                                        "
"                                                                                                                        "
"                                                                                                                        "
"                                                                                                                        "
"                                                                                                                        "
"                                                                                                                        "
"                                                                                                                        "
"                                                                                                                        "
"                                                                                                                        "
"                                                                                                                        "
"                                                                                                                        "
"┌Filings for C00401224 - 2026 (3 filings)──────────────────────────────────────────────────────────────────────────────┐"
"│   Filing ID      Form     Report               Coverage                                                  Received    │"
"│>> FEC-1234567    F3XN     YEAR-END             2025-07-01 - 2025-12-31                                   2026-01-31  │"
"│   FEC-1234566    F3XN     MID-YEAR             2025-01-01 - 2025-06-30                                   2025-07-31  │"
"│   FEC-1234500    F99      -                    -                                                         2025-03-15  │"
"│                                                                                                                      │"
"│                                                                                                                      │"
"│                                                                                                                      │"
"│                                                                                                                      │"
"│                                                                                                                      │"
"│                                                                                                                      │"
"└──────────────────────────────────────────────────────────────────────────────────────────────────────────────────────┘"
"────────────────────────────────────────────────────────────────────────────────────────────────────────────────────────"
"                               Esc/q back  j/k navigate  Enter view filing  y copy  o open                              "
