---
source: crates/fec-cli/src/tui/candidate_detail.rs
expression: terminal.backend()
snapshot_kind: text
---
"│John Q Smith (P00000001)                                                       "
"Democrat presidential candidate in 2024                                         "
"Campaign committee: C00123456                                                   "
"Address:                                                                        "
"  123 Campaign Trail                                                            "
"  Suite 100                                                                     "
"  Washington, DC 20001                                                          "
"                                                                                "
"                                                                                "
"Press f to fetch filings                                                        "
"┌Filings for P00000001 - 2026 (0 filings)──────────────────────────────────────┐"
"│Filing ID      Form     Report               Coverage             Received    │"
"│                                                                              │"
"│                                                                              │"
"│                                                                              │"
"│                                                                              │"
"│                                                                              │"
"│                                                                              │"
"│                                                                              │"
"│                                                                              │"
"│                                                                              │"
"└──────────────────────────────────────────────────────────────────────────────┘"
"────────────────────────────────────────────────────────────────────────────────"
"Esc/q back  c committee  a F1 affiliations  o fec.gov  r contest  y copy  f fili"
