---
source: crates/fec-parser/tests/itemizations.rs
expression: "itemizations(\"SB_27475.fec\")"
snapshot_kind: text
---
[
  {
    "family": "SB",
    "form_type": "SB29",
    "filer_committee_id": "C00040253",
    "transaction_id": "SB29.9830",
    "back_reference_transaction_id": null,
    "back_reference_schedule_name": null,
    "payee": {
      "entity_type": "CCM",
      "organization_name": "Bill Posey Campaign Fund",
      "name": {
        "first_name": "",
        "last_name": "",
        "middle_name": null,
        "prefix": null,
        "suffix": null
      },
      "address": {
        "street_1": "1802 S. Fiske Blvd.",
        "street_2": "Suite 108",
        "city": "Rockledge",
        "state": "FL",
        "zip_code": "32955"
      }
    },
    "election_code": "P",
    "election_other_description": null,
    "expenditure_date": "2002-01-16",
    "expenditure_amount": 500.0,
    "semi_annual_refunded_bundled_amount": null,
    "expenditure_purpose_code": null,
    "expenditure_purpose_description": "Fund-raiser",
    "category_code": null,
    "beneficiary_committee_fec_id": null,
    "beneficiary_committee_name": null,
    "beneficiary_candidate": {
      "fec_id": null,
      "name": {
        "first_name": "",
        "last_name": "",
        "middle_name": null,
        "prefix": null,
        "suffix": null
      },
      "office": "S",
      "state": "FL",
      "district": null
    },
    "conduit_name": null,
    "conduit_address": {
      "street_1": null,
      "street_2": null,
      "city": null,
      "state": null,
      "zip_code": null
    },
    "memo": false,
    "memo_text": null,
    "reference_code": null,
    "refund_or_disposal_of_excess": false,
    "communication_date": null,
    "image_number": null
  },
  {
    "family": "SB",
    "form_type": "SB29",
    "filer_committee_id": "C00040253",
    "transaction_id": "SB29.9869",
    "back_reference_transaction_id": null,
    "back_reference_schedule_name": null,
    "payee": {
      "entity_type": "CCM",
      "organization_name": "Brian McCall Campaign",
      "name": {
        "first_name": "",
        "last_name": "",
        "middle_name": null,
        "prefix": null,
        "suffix": null
      },
      "address": {
        "street_1": "609 W. 15th Street",
        "street_2": "Suite 200",
        "city": "Plano",
        "state": "TX",
        "zip_code": "75075"
      }
    },
    "election_code": "P",
    "election_other_description": null,
    "expenditure_date": "2002-01-24",
    "expenditure_amount": 250.0,
    "semi_annual_refunded_bundled_amount": null,
    "expenditure_purpose_code": null,
    "expenditure_purpose_description": "Fund-raiser",
    "category_code": null,
    "beneficiary_committee_fec_id": null,
    "beneficiary_committee_name": null,
    "beneficiary_candidate": {
      "fec_id": null,
      "name": {
        "first_name": "",
        "last_name": "",
        "middle_name": null,
        "prefix": null,
        "suffix": null
      },
      "office": "H",
      "state": "TX",
      "district": "66"
    },
    "conduit_name": null,
    "conduit_address": {
      "street_1": null,
      "street_2": null,
      "city": null,
      "state": null,
      "zip_code": null
    },
    "memo": false,
    "memo_text": null,
    "reference_code": null,
    "refund_or_disposal_of_excess": false,
    "communication_date": null,
    "image_number": null
  },
  {
    "family": "SB",
    "form_type": "SB29",
    "filer_committee_id": "C00040253",
    "transaction_id": "SB29.9824",
    "back_reference_transaction_id": null,
    "back_reference_schedule_name": null,
    "payee": {
      "entity_type": "CCM",
      "organization_name": "Charlie Justice Campaign Fund",
      "name": {
        "first_name": "",
        "last_name": "",
        "middle_name": null,
        "prefix": null,
        "suffix": null
      },
      "address": {
        "street_1": "1120 N.W. 13th, 6798 Crosswinds Dr",
        "street_2": "Suite A-103",
        "city": "St. Petersburg",
        "state": "FL",
        "zip_code": "33710"
      }
    },
    "election_code": null,
    "election_other_description": null,
    "expenditure_date": "2002-01-16",
    "expenditure_amount": 500.0,
    "semi_annual_refunded_bundled_amount": null,
    "expenditure_purpose_code": null,
    "expenditure_purpose_description": "Fund-raiser",
    "category_code": null,
    "beneficiary_committee_fec_id": null,
    "beneficiary_committee_name": null,
    "beneficiary_candidate": {
      "fec_id": null,
      "name": {
        "first_name": "",
        "last_name": "",
        "middle_name": null,
        "prefix": null,
        "suffix": null
      },
      "office": "H",
      "state": "FL",
      "district": null
    },
    "conduit_name": null,
    "conduit_address": {
      "street_1": null,
      "street_2": null,
      "city": null,
      "state": null,
      "zip_code": null
    },
    "memo": false,
    "memo_text": null,
    "reference_code": null,
    "refund_or_disposal_of_excess": false,
    "communication_date": null,
    "image_number": null
  },
  {
    "family": "SB",
    "form_type": "SB29",
    "filer_committee_id": "C00040253",
    "transaction_id": "SB29.9848",
    "back_reference_transaction_id": null,
    "back_reference_schedule_name": null,
    "payee": {
      "entity_type": "CCM",
      "organization_name": "Citizens for Larkin",
      "name": {
        "first_name": "",
        "last_name": "",
        "middle_name": null,
        "prefix": null,
        "suffix": null
      },
      "address": {
        "street_1": "P. O. Box 4321",
        "street_2": null,
        "city": "New Windsor",
        "state": "NY",
        "zip_code": "12553"
      }
    },
    "election_code": "G",
    "election_other_description": null,
    "expenditure_date": "2002-01-29",
    "expenditure_amount": 500.0,
    "semi_annual_refunded_bundled_amount": null,
    "expenditure_purpose_code": null,
    "expenditure_purpose_description": "Fund-raiser",
    "category_code": null,
    "beneficiary_committee_fec_id": null,
    "beneficiary_committee_name": null,
    "beneficiary_candidate": {
      "fec_id": null,
      "name": {
        "first_name": "",
        "last_name": "",
        "middle_name": null,
        "prefix": null,
        "suffix": null
      },
      "office": "S",
      "state": "NY",
      "district": "39"
    },
    "conduit_name": null,
    "conduit_address": {
      "street_1": null,
      "street_2": null,
      "city": null,
      "state": null,
      "zip_code": null
    },
    "memo": false,
    "memo_text": null,
    "reference_code": null,
    "refund_or_disposal_of_excess": false,
    "communication_date": null,
    "image_number": null
  },
  {
    "family": "SB",
    "form_type": "SB29",
    "filer_committee_id": "C00040253",
    "transaction_id": "SB29.9865",
    "back_reference_transaction_id": null,
    "back_reference_schedule_name": null,
    "payee": {
      "entity_type": "CCM",
      "organization_name": "Committee to Elect Elizabeth Ames Jones",
      "name": {
        "first_name": "",
        "last_name": "",
        "middle_name": null,
        "prefix": null,
        "suffix": null
      },
      "address": {
        "street_1": "P. O. Box 18371",
        "street_2": null,
        "city": "San Antonio",
        "state": "TX",
        "zip_code": "78218"
      }
    },
    "election_code": "P",
    "election_other_description": null,
    "expenditure_date": "2002-01-18",
    "expenditure_amount": 250.0,
    "semi_annual_refunded_bundled_amount": null,
    "expenditure_purpose_code": null,
    "expenditure_purpose_description": "Fund-raiser",
    "category_code": null,
    "beneficiary_committee_fec_id": null,
    "beneficiary_committee_name": null,
    "beneficiary_candidate": {
      "fec_id": null,
      "name": {
        "first_name": "",
        "last_name": "",
        "middle_name": null,
        "prefix": null,
        "suffix": null
      },
      "office": "H",
      "state": "TX",
      "district": null
    },
    "conduit_name": null,
    "conduit_address": {
      "street_1": null,
      "street_2": null,
      "city": null,
      "state": null,
      "zip_code": null
    },
    "memo": false,
    "memo_text": null,
    "reference_code": null,
    "refund_or_disposal_of_excess": false,
    "communication_date": null,
    "image_number": null
  },
  {
    "family": "SB",
    "form_type": "SB29",
    "filer_committee_id": "C00040253",
    "transaction_id": "SB29.9867",
    "back_reference_transaction_id": null,
    "back_reference_schedule_name": null,
    "payee": {
      "entity_type": "CCM",
      "organization_name": "Craig Eiland Campaign",
      "name": {
        "first_name": "",
        "last_name": "",
        "middle_name": null,
        "prefix": null,
        "suffix": null
      },
      "address": {
        "street_1": "2423 Market Street",
        "street_2": null,
        "city": "Galveston",
        "state": "TX",
        "zip_code": "77550"
      }
    },
    "election_code": null,
    "election_other_description": null,
    "expenditure_date": "2002-01-18",
    "expenditure_amount": 250.0,
    "semi_annual_refunded_bundled_amount": null,
    "expenditure_purpose_code": null,
    "expenditure_purpose_description": "Fund-raiser",
    "category_code": null,
    "beneficiary_committee_fec_id": null,
    "beneficiary_committee_name": null,
    "beneficiary_candidate": {
      "fec_id": null,
      "name": {
        "first_name": "",
        "last_name": "",
        "middle_name": null,
        "prefix": null,
        "suffix": null
      },
      "office": "H",
      "state": "TX",
      "district": "24"
    },
    "conduit_name": null,
    "conduit_address": {
      "street_1": null,
      "street_2": null,
      "city": null,
      "state": null,
      "zip_code": null
    },
    "memo": false,
    "memo_text": null,
    "reference_code": null,
    "refund_or_disposal_of_excess": false,
    "communication_date": null,
    "image_number": null
  }
]
