---
source: crates/fec-cli/src/commands/api/mod.rs
expression: "url_for(&[\"schedule-e\", \"--committee\", \"C00401224\", \"--committee\",\n\"C00513531\",])"
snapshot_kind: text
---
https://api.open.fec.gov/v1/schedules/schedule_e/?api_key=DEMO_KEY&per_page=100&committee_id=C00401224&committee_id=C00513531
