---
source: crates/fec-cli/src/tui/filing_detail/mod.rs
expression: "render_fixture(\"F3LN_1902042.fec\", 100, 50)"
snapshot_kind: text
---
"FEC-1902042 F3LN July Quarterly/Semi-Annual by Bell for Missouri (C00842336)                        "
"2025-04-01 through 2025-06-30                                                                       "
"                                                                                                    "
"Signed by: Cassie Tinsmon on 2025-07-15                                                             "
"                                                                                                    "
"Address:          PO Box 33079                                                                      "
"                  Washington, DC 20033                                                              "
"Running in:       MO, district 01                                                                   "
"Report:           July 15 (Q2) report and Semi-annual (Q2S)                                         "
"                                                                                                    "
"7. TOTAL REPORTABLE BUNDLED CONTRIBUTIONS                                                           "
"(a) Qtr/Monthly/Pre/Post                              $150,930.00                                   "
"(b) Semi-annual period                                $467,692.00                                   "
"(a) and (b) are overlapping periods; do not add them.                                               "
"                                                                                                    "
"URL: https://docquery.fec.gov/cgi-bin/forms/C00842336/1902042                                       "
"                                                                                                    "
"Version: v8.4  Size: 169 B                                                                          "
"Software: NGP 8                                                                                     "
"                                                                                                    "
"                                                                                                    "
"                                                                                                    "
"                                                                                                    "
"                                                                                                    "
"                                                                                                    "
"                                                                                                    "
"                                                                                                    "
"                                                                                                    "
"                                                                                                    "
"                                                                                                    "
"                                                                                                    "
"                                                                                                    "
"                                                                                                    "
"                                                                                                    "
"                                                                                                    "
"                                                                                                    "
"                                                                                                    "
"                                                                                                    "
"                                                                                                    "
"                                                                                                    "
"                                                                                                    "
"                                                                                                    "
"                                                                                                    "
"                                                                                                    "
"                                                                                                    "
"                                                                                                    "
"                                                                                                    "
"                                                                                                    "
"────────────────────────────────────────────────────────────────────────────────────────────────────"
"                           Esc/q back  c filer  o open  y copy  j/k scroll                          "
