---
source: crates/fec-cli/src/tui/filing_detail/mod.rs
expression: "render_fixture(\"F2N_1923633.fec\", 100, 50)"
snapshot_kind: text
---
"FEC-1923633 F2N  by Sherman for Congress (H6CA24113)                                                "
"Signed by: Brad Sherman on 2025-10-27                                                               "
"                                                                                                    "
"  Statement of Candidacy - New statement                                                            "
"                                                                                                    "
"Candidate                                                                                           "
"  Name           Brad Sherman                                                                       "
"  Candidate ID   H6CA24113                                                                          "
"  Address        445 S Figueroa St., Suite 2400                                                     "
"                 Los Angeles, CA 90071 (address changed)                                            "
"  Party          DEM (Democratic Party)                                                             "
"                                                                                                    "
"Office Sought                                                                                       "
"  Office         House (H)                                                                          "
"  State/District CA, District 32                                                                    "
"  Election year  2028                                                                               "
"                                                                                                    "
"Principal Campaign Committee                                                                        "
"  Name           Sherman for Congress (C00308742)                                                   "
"  Address        445 S Figueroa St., Suite 2400                                                     "
"                 Los Angeles, CA 90071                                                              "
"                                                                                                    "
"Other Authorized Committee                                                                          "
"  Name           Southern California Fund (C00361410)                                               "
"  Address        445 S Figueroa St., Suite 2400                                                     "
"                 Los Angeles, CA 90071                                                              "
"  Any further authorized committees are listed on F2S records.                                      "
"                                                                                                    "
"URL: https://docquery.fec.gov/cgi-bin/forms/H6CA24113/1923633                                       "
"                                                                                                    "
"Version: v8.5  Size: 319 B                                                                          "
"Software: NGP 8                                                                                     "
"                                                                                                    "
"                                                                                                    "
"                                                                                                    "
"                                                                                                    "
"                                                                                                    "
"                                                                                                    "
"                                                                                                    "
"                                                                                                    "
"                                                                                                    "
"                                                                                                    "
"                                                                                                    "
"                                                                                                    "
"                                                                                                    "
"                                                                                                    "
"                                                                                                    "
"                                                                                                    "
"────────────────────────────────────────────────────────────────────────────────────────────────────"
"                           Esc/q back  c filer  o open  y copy  j/k scroll                          "
