---
source: crates/fec-cli/src/tui/filing_detail/f1m.rs
expression: "render_fixture(\"F1MN_1917288.fec\", 60, 40)"
snapshot_kind: text
---
"FEC-1917288 F1MN  by MORE JOBS, LESS GOVERNMENT (C00693838) "
"Signed by: CHARLES GANTT on 2025-10-02                      "
"                                                            "
"Committee                                                   "
"Name:             MORE JOBS, LESS GOVERNMENT                "
"FEC ID:           C00693838                                 "
"Address:          C/O BULLDOG COMPLIANCE, 138 CONANT STREET "
"STE 401, BEVERLY, MA 01915                                  "
"Committee type:   N (Other)                                 "
"                                                            "
"Status by qualification (Line 5)                            "
"Contributions to candidates (5a)                            "
"  (i)   JAMES E. HON. BANKS (S4IN00196)                     "
"        Senate · IN · contributed 2025-06-04                "
"  (ii)  RYAN K ZINKE (H4MT01041)                            "
"        House · MT-01 · contributed 2025-04-29              "
"  (iii) TIM SHEEHY (S4MT00183)                              "
"        Senate · MT · contributed 2025-04-09                "
"  (iv)  ASHLEY MOODY (S6FL00640)                            "
"        Senate · FL · contributed 2025-09-03                "
"  (v)   TROY DOWNING (H4MT02098)                            "
"        House · MT-02 · contributed 2025-09-15              "
"                                                            "
"51st contributor: 2025-06-30  (5b)                          "
"Registered:       2019-01-14  (5c)                          "
"Qualified:        2025-09-15  (5d)                          "
"                                                            "
"URL:                                                        "
"https://docquery.fec.gov/cgi-bin/forms/C00693838/1917288    "
"                                                            "
"Version: v8.5  Size: 421 B                                  "
"Software: FECfile 8.5.0.0(f33)                              "
"                                                            "
"                                                            "
"                                                            "
"                                                            "
"                                                            "
"                                                            "
"────────────────────────────────────────────────────────────"
"       Esc/q back  c filer  o open  y copy  j/k scroll      "
