---
source: crates/fec-cli/src/tui/filing_detail/mod.rs
expression: "render_fixture(\"F3N_1858438.fec\", 100, 90)"
snapshot_kind: text
---
"FEC-1858438 F3N Post-General by George Whitesides for Congress (C00834028)                          "
"2024-10-17 through 2024-11-25                                                                       "
"                                                                                                    "
"Signed by: Jay Petterson on 2024-12-05                                                              "
"                                                                                                    "
"Address:          PO Box 221776                                                                     "
"                  Newhall, CA 91322                                                                 "
"State/District:   CA-27                                                                             "
"Report:           Post-General (30G)                                                                "
"Election:         General (G2024) on 2024-11-05 in CA                                               "
"                                                                                                    "
"Cash on Hand - Start      $1,032,195.07                                                             "
"Receipts              +   $1,319,223.70                                                             "
"Disbursements         -   $1,869,794.07                                                             "
"Cash on Hand - End          $481,624.70 -$550,570.37, -53%                                          "
"                                                                                                    "
"SUMMARY                                                                                             "
"                                                      This Period    Cycle-to-Date                  "
"6. Net Contributions (other than loans)                                                             "
"  (a) Total Contributions                             $801,282.01    $8,339,598.03                  "
"  (b) Contribution Refunds                              $8,662.06      $124,355.43                  "
"  (c) Net Contributions                               $792,619.95    $8,215,242.60                  "
"7. Net Operating Expenditures                                                                       "
"  (a) Operating Expenditures                        $1,859,432.01    $9,759,243.22                  "
"  (b) Offsets to Operating Exp.                             $0.00        $3,999.64                  "
"  (c) Net Operating Expenditures                    $1,859,432.01    $9,755,243.58                  "
"8. Cash on Hand at Close                              $481,624.70                                   "
"9. Debts Owed TO Committee                                  $0.00                                   "
"10. Debts Owed BY Committee                         $1,310,000.00                                   "
"                                                                                                    "
"I. RECEIPTS                                                                                         "
"                                                      This Period    Cycle-to-Date                  "
"11. Contributions from:                                                                             "
"  (a)(i) Individuals, Itemized                        $502,496.34    $5,853,775.45                  "
"  (a)(ii) Individuals, Unitemized                     $156,450.74    $1,544,171.31                  "
"  (a)(iii) Individuals, Total                         $658,947.08    $7,397,946.76                  "
"  (b) Political Party Committees                        $3,608.07       $10,190.36                  "
"  (c) Other Political Committees                      $138,726.86      $657,833.41                  "
"  (d) The Candidate                                         $0.00      $273,627.50                  "
"  (e) Total Contributions                             $801,282.01    $8,339,598.03                  "
"12. Transfers from Auth. Committees                    $83,913.38      $568,613.39                  "
"13. Loans:                                                                                          "
"  (a) Made/Guaranteed by Candidate                    $250,000.00    $1,310,000.00                  "
"  (b) All Other Loans                                       $0.00            $0.00                  "
"  (c) Total Loans                                     $250,000.00    $1,310,000.00                  "
"14. Offsets to Operating Exp.                               $0.00        $3,999.64                  "
"15. Other Receipts                                    $184,028.31       $15,253.51                  "
"16. Total Receipts                                  $1,319,223.70   $10,237,464.57                  "
"                                                                                                    "
"II. DISBURSEMENTS                                                                                   "
"                                                      This Period    Cycle-to-Date                  "
"17. Operating Expenditures                          $1,859,432.01    $9,759,243.22                  "
"18. Transfers to Auth. Committees                           $0.00            $0.00                  "
"19. Loan Repayments:                                                                                "
"  (a) Of Candidate Loans                                    $0.00            $0.00                  "
"  (b) Of All Other Loans                                    $0.00            $0.00                  "
"  (c) Total Loan Repayments                                 $0.00            $0.00                  "
"20. Refunds of Contributions to:                                                                    "
"  (a) Individuals                                       $8,662.05      $123,355.42                  "
"  (b) Political Party Committees                            $0.00            $0.00                  "
"  (c) Other Political Committees                            $0.01        $1,000.01                  "
"  (d) Total Refunds                                     $8,662.06      $124,355.43                  "
"21. Other Disbursements                                 $1,700.00      $152,572.79                  "
"22. Total Disbursements                             $1,869,794.07   $10,036,171.44                  "
"                                                                                                    "
"III. CASH SUMMARY                                                                                   "
"23. Cash on Hand, Beginning                         $1,032,195.07                                   "
"24. Total Receipts                                  $1,319,223.70                                   "
"25. Subtotal                                        $2,351,418.77                                   "
"26. Total Disbursements                             $1,869,794.07                                   "
"27. Cash on Hand, Close                               $481,624.70                                   "
"                                                                                                    "
"URL: https://docquery.fec.gov/cgi-bin/forms/C00834028/1858438                                       "
"                                                                                                    "
"Version: v8.4  Size: 792 B                                                                          "
"Software: NGP 8                                                                                     "
"                                                                                                    "
"                                                                                                    "
"                                                                                                    "
"                                                                                                    "
"                                                                                                    "
"                                                                                                    "
"                                                                                                    "
"                                                                                                    "
"                                                                                                    "
"                                                                                                    "
"                                                                                                    "
"                                                                                                    "
"────────────────────────────────────────────────────────────────────────────────────────────────────"
"                           Esc/q back  c filer  o open  y copy  j/k scroll                          "
