---
source: crates/fec-cli/src/tui/filing_detail/mod.rs
expression: "render_fixture(\"F3N_1918805.fec\", 100, 50)"
snapshot_kind: text
---
"FEC-1918805 F3N October Quarterly by MCCORD, MICHAEL (C00912188)                                    "
"2025-07-01 through 2025-09-30                                                                       "
"                                                                                                    "
"Signed by: Marcio Liam on 2025-10-13                                                                "
"                                                                                                    "
"6.  Total Contributions (No Loans)            $62,540.00                                            "
"7.  Total Contribution Refunds                     $0.00                                            "
"8.  Net Contributions                         $62,540.00                                            "
"9.  Total Operating Expenditures              $30,158.62                                            "
"10. Total Offset to Operating Exp.                 $0.00                                            "
"11. Net Operating Expenditures                $30,158.62                                            "
"12. Cash on Hand - Close                      $82,381.38                                            "
"13. Debts Owed TO Committee                        $0.00                                            "
"14. Debts Owed BY Committee                   $50,000.00                                            "
"                                                                                                    "
"Cash on Hand - Start               $0.00                                                            "
"Receipts                +    $112,540.00                                                            "
"Expenditures            -     $30,158.62                                                            "
"Cash on Hand - End            $82,381.38 +$82,381.38, +100%                                         "
"                                                                                                    "
"URL: https://docquery.fec.gov/cgi-bin/forms/C00912188/1918805                                       "
"                                                                                                    "
"Version: v8.5  Size: 647 B                                                                          "
"Software: FECfile 8.5.0.0(f33)                                                                      "
"                                                                                                    "
"                                                                                                    "
"                                                                                                    "
"                                                                                                    "
"                                                                                                    "
"                                                                                                    "
"                                                                                                    "
"                                                                                                    "
"                                                                                                    "
"                                                                                                    "
"                                                                                                    "
"                                                                                                    "
"                                                                                                    "
"                                                                                                    "
"                                                                                                    "
"                                                                                                    "
"                                                                                                    "
"                                                                                                    "
"                                                                                                    "
"                                                                                                    "
"                                                                                                    "
"                                                                                                    "
"                                                                                                    "
"                                                                                                    "
"────────────────────────────────────────────────────────────────────────────────────────────────────"
"                           Esc/q back  c filer  o open  y copy  j/k scroll                          "
