---
source: crates/fec-cli/src/tui/filing_detail/f1.rs
expression: "render_fixture(\"F1A_1914988.fec\", 100, 70)"
snapshot_kind: text
---
"FEC-1914988 F1A by Independent Community Bankers of America Political Action Committee (ICBA PAC) (C"
"Signed by: Mr. Paul Merski on 2025-09-16                                                            "
"                                                                                                    "
"Committee                                                                                           "
"Name:             Independent Community Bankers of America Political Action Committee (ICBA PAC)    "
"                  (changed)                                                                         "
"FEC ID:           C00032698                                                                         "
"Address:          1100 New York Avenue, NW, Suite 500 East                                          "
"                  Washington, DC 20005 (changed)                                                    "
"Email:            icbapac@icba.org                                                                  "
"Effective date:   2025-09-16                                                                        "
"                                                                                                    "
"Type & designation                                                                                  "
"Committee type:   5(e) Separate Segregated Fund (E)                                                 "
"Connected org:    Trade Association (T)                                                             "
"Also:             Lobbyist/Registrant PAC                                                           "
"                                                                                                    "
"Affiliated / connected organization                                                                 "
"Name:             Independent Community Bankers of America                                          "
"Relationship:     Connected Organization (ORG)                                                      "
"Address:          1100 New York Avenue NW, Suite 500 East                                           "
"                  Washington, DC 20005                                                              "
"                                                                                                    "
"Custodian of records                                                                                "
"Name:             Mrs. Mary Randolph Gannon                                                         "
"Title:            Custodian of Records                                                              "
"Address:          1100 New York Avenue NW, Suite 500 East                                           "
"                  Washington, DC 20005                                                              "
"Phone:            (202) 659-8111                                                                    "
"                                                                                                    "
"Treasurer                                                                                           "
"Name:             Mr. Paul Merski                                                                   "
"Title:            Treasurer                                                                         "
"Address:          1100 New York Avenue, NW, Suite 500 East                                          "
"                  Washington, DC 20005                                                              "
"Phone:            (202) 659-8111                                                                    "
"                                                                                                    "
"Designated agent                                                                                    "
"Name:             Jenna Burke                                                                       "
"Title:            Assistant Treasurer                                                               "
"Address:          1100 New York Avenue, Suite 500 East                                              "
"                  Washington, DC 20005                                                              "
"Phone:            (202) 659-8111                                                                    "
"                                                                                                    "
"Banks / depositories                                                                                "
"Bank 1:           Minnesota National Bank                                                           "
"Address:          PO Box 306, 131 12th St S.                                                        "
"                  Sauk Centre, MN 56378                                                             "
"Bank 2:           United Bank                                                                       "
"Address:          1100 Connecticut Avenue NW                                                        "
"                  Washington, DC 20036                                                              "
"                                                                                                    "
"Further affiliates, agents and banks may be filed on F1S records.                                   "
"                                                                                                    "
"URL: https://docquery.fec.gov/cgi-bin/forms/C00032698/1914988                                       "
"                                                                                                    "
"Version: v8.5  Size: 854 B                                                                          "
"Software: Vocus PAC Management 8.02.0848                                                            "
"Report ID: 'FEC-1403374' (5)                                                                        "
"                                                                                                    "
"                                                                                                    "
"                                                                                                    "
"                                                                                                    "
"                                                                                                    "
"                                                                                                    "
"                                                                                                    "
"                                                                                                    "
"                                                                                                    "
"────────────────────────────────────────────────────────────────────────────────────────────────────"
"                           Esc/q back  c filer  o open  y copy  j/k scroll                          "
