---
source: crates/fec-cli/src/tui/filing_detail/mod.rs
expression: "render_fixture(\"F3N_1918805.fec\", 100, 50)"
snapshot_kind: text
---
"FEC-1918805 F3N October Quarterly by MCCORD, MICHAEL (C00912188)                                    "
"2025-07-01 through 2025-09-30                                                                       "
"                                                                                                    "
"Signed by: Marcio Liam on 2025-10-13                                                                "
"                                                                                                    "
"Address: 2126 E. Victory Dr, Po Box 228, SAVANNAH, GA 31404 (changed)                               "
"State/District: GA-01                                                                               "
"Report: Q3 October Quarterly                                                                        "
"                                                                                                    "
"Cash on Hand - Start               $0.00                                                            "
"Receipts                +    $112,540.00                                                            "
"Expenditures            -     $30,158.62                                                            "
"Cash on Hand - End            $82,381.38 +$82,381.38, +100%                                         "
"                                                                                                    "
"SUMMARY                                           This Period    Cycle-to-Date                      "
"6. Net Contributions (other than loans)                                                             "
"  (a) Total Contributions                          $62,540.00       $62,540.00                      "
"  (b) Contribution Refunds                              $0.00            $0.00                      "
"  (c) Net Contributions                            $62,540.00       $62,540.00                      "
"7. Net Operating Expenditures                                                                       "
"  (a) Operating Expenditures                       $30,158.62       $30,158.62                      "
"  (b) Offsets to Operating Exp.                         $0.00            $0.00                      "
"  (c) Net Operating Expenditures                   $30,158.62       $30,158.62                      "
"8. Cash on Hand at Close                           $82,381.38                                       "
"9. Debts Owed TO Committee                              $0.00                                       "
"10. Debts Owed BY Committee                        $50,000.00                                       "
"                                                                                                    "
"I. RECEIPTS                                       This Period    Cycle-to-Date                      "
"11. Contributions from:                                                                             "
"  (a)(i) Individuals, Itemized                     $62,100.00       $62,100.00                      "
"  (a)(ii) Individuals, Unitemized                     $440.00          $440.00                      "
"  (a)(iii) Individuals, Total                      $62,540.00       $62,540.00                      "
"  (b) Political Party Committees                        $0.00            $0.00                      "
"  (c) Other Political Committees                        $0.00            $0.00                      "
"  (d) The Candidate                                     $0.00            $0.00                      "
"  (e) Total Contributions                          $62,540.00       $62,540.00                      "
"12. Transfers from Auth. Committees                     $0.00            $0.00                      "
"13. Loans:                                                                                          "
"  (a) Made/Guaranteed by Candidate                 $50,000.00       $50,000.00                      "
"  (b) All Other Loans                                   $0.00            $0.00                      "
"  (c) Total Loans                                  $50,000.00       $50,000.00                      "
"14. Offsets to Operating Exp.                           $0.00            $0.00                      "
"15. Other Receipts                                      $0.00            $0.00                      "
"16. Total Receipts                                $112,540.00      $112,540.00                      "
"                                                                                                    "
"II. DISBURSEMENTS                                 This Period    Cycle-to-Date                      "
"17. Operating Expenditures                         $30,158.62       $30,158.62                      "
"18. Transfers to Auth. Committees                       $0.00            $0.00                      "
"────────────────────────────────────────────────────────────────────────────────────────────────────"
"                           Esc/q back  c filer  o open  y copy  j/k scroll                          "
