---
source: crates/fec-cli/src/tui/filing_detail/mod.rs
expression: "render_fixture(\"F3PN_1920459.fec\", 100, 130)"
snapshot_kind: text
---
"FEC-1920459 F3PN October Quarterly by EDWARDS FOR PRESIDENT (C00384073)                             "
"2025-07-01 through 2025-09-30                                                                       "
"                                                                                                    "
"Signed by: Lora Haggard on 2025-10-15                                                               "
"                                                                                                    "
"Address: C/O 29 BRIARWOOD DRIVE, RINGGOLD, GA 30736                                                 "
"Report: Q3 October Quarterly                                                                        "
"                                                                                                    "
"Cash on Hand - Start               $0.00                                                            "
"Receipts                +          $0.00                                                            "
"Expenditures            -          $0.00                                                            "
"Cash on Hand - End                 $0.00 +$0.00, +100%                                              "
"                                                                                                    "
"SUMMARY                                                                                             "
"6. Cash on Hand, Beginning                              $0.00                                       "
"7. Total Receipts                                       $0.00                                       "
"8. Subtotal                                             $0.00                                       "
"9. Total Disbursements                                  $0.00                                       "
"10. Cash on Hand, Close                                 $0.00                                       "
"11. Debts Owed TO Committee                             $0.00                                       "
"12. Debts Owed BY Committee                       $331,586.46                                       "
"13. Exp. Subject to Limitation                 $26,477,163.49                                       "
"Net Election Cycle-to-Date:                                                                         "
"14. Net Contributions                          $21,659,403.90                                       "
"15. Net Operating Expenditures                 $19,529,492.32                                       "
"                                                                                                    "
"I. RECEIPTS                                       This Period    Cycle-to-Date                      "
"16. Federal Funds                                       $0.00    $6,706,458.44                      "
"17. Contributions from:                                                                             "
"  (a)(i) Individuals, Itemized                          $0.00   $21,896,886.23                      "
"  (a)(ii) Individuals, Unitemized                       $0.00            $0.00                      "
"  (a)(iii) Individuals, Total                           $0.00   $21,896,886.23                      "
"  (b) Political Party Committees                        $0.00            $0.00                      "
"  (c) Other Political Committees                        $0.00        $2,000.00                      "
"  (d) The Candidate                                     $0.00            $0.00                      "
"  (e) Total Contributions                               $0.00   $21,898,886.23                      "
"18. Transfers from Auth. Committees                     $0.00      $962,908.26                      "
"19. Loans Received:                                                                                 "
"  (a) From/Guaranteed by Candidate                      $0.00            $0.00                      "
"  (b) Other Loans                                       $0.00    $2,470,613.53                      "
"  (c) Total Loans                                       $0.00    $2,470,613.53                      "
"20. Offsets to Expenditures:                                                                        "
"  (a) Operating                                         $0.00    $1,715,161.47                      "
"  (b) Fundraising                                       $0.00            $0.00                      "
"  (c) Legal and Accounting                              $0.00            $0.00                      "
"  (d) Total Offsets                                     $0.00    $1,715,161.47                      "
"21. Other Receipts                                      $0.00            $0.00                      "
"22. Total Receipts                                      $0.00   $33,754,027.93                      "
"                                                                                                    "
"II. DISBURSEMENTS                                 This Period    Cycle-to-Date                      "
"23. Operating Expenditures                              $0.00   $21,244,653.79                      "
"24. Transfers to Auth. Committees                       $0.00            $0.00                      "
"25. Fundraising Disbursements                           $0.00    $6,947,671.17                      "
"26. Exempt Legal & Accounting                           $0.00    $2,847,441.10                      "
"27. Loan Repayments Made:                                                                           "
"  (a) Of Candidate Loans                                $0.00            $0.00                      "
"  (b) Other Repayments                                  $0.00    $2,470,613.53                      "
"  (c) Total Loan Repayments                             $0.00    $2,470,613.53                      "
"28. Refunds of Contributions to:                                                                    "
"  (a) Individuals                                       $0.00      $239,482.33                      "
"  (b) Political Party Committees                        $0.00            $0.00                      "
"  (c) Other Political Committees                        $0.00            $0.00                      "
"  (d) Total Refunds                                     $0.00      $239,482.33                      "
"29. Other Disbursements                                 $0.00            $0.00                      "
"30. Total Disbursements                                 $0.00   $33,749,861.92                      "
"                                                                                                    "
"III. CONTRIBUTED ITEMS                                                                              "
"31. Items on Hand to Be Liquidated                      $0.00                                       "
"                                                                                                    "
"PRIMARY EXPENDITURES BY STATE                     This Period          To Date                      "
"Alabama                                                 $0.00        $1,591.61                      "
"Arizona                                                 $0.00        $5,384.54                      "
"Arkansas                                                $0.00        $1,132.59                      "
"California                                              $0.00       $51,645.61                      "
"Colorado                                                $0.00          $530.76                      "
"Connecticut                                             $0.00        $3,670.57                      "
"Delaware                                                $0.00            $5.15                      "
"District of Columbia                                    $0.00       $16,701.42                      "
"Florida                                                 $0.00        $3,318.84                      "
"Georgia                                                 $0.00      $384,569.94                      "
"Hawaii                                                  $0.00          $675.00                      "
"Idaho                                                   $0.00           $11.98                      "
"Illinois                                                $0.00       $34,916.29                      "
"Indiana                                                 $0.00        $1,099.48                      "
"Iowa                                                    $0.00    $1,313,622.00                      "
"Kansas                                                  $0.00        $5,560.50                      "
"Louisiana                                               $0.00        $1,028.94                      "
"Maine                                                   $0.00       $31,639.98                      "
"Maryland                                                $0.00        $7,941.40                      "
"Massachusetts                                           $0.00      $509,679.72                      "
"Michigan                                                $0.00        $8,061.49                      "
"Minnesota                                               $0.00      $100,268.44                      "
"Mississippi                                             $0.00           $10.96                      "
"Missouri                                                $0.00      $107,061.09                      "
"Nebraska                                                $0.00       $16,352.60                      "
"Nevada                                                  $0.00            $8.46                      "
"New Hampshire                                           $0.00      $502,847.28                      "
"New Jersey                                              $0.00        $5,019.61                      "
"New Mexico                                              $0.00       $61,502.48                      "
"New York                                                $0.00      $183,347.97                      "
"North Carolina                                          $0.00      $120,103.37                      "
"North Dakota                                            $0.00          $121.95                      "
"Ohio                                                    $0.00      $379,598.47                      "
"Oklahoma                                                $0.00      $330,503.13                      "
"Oregon                                                  $0.00        $3,065.19                      "
"Pennsylvania                                            $0.00        $8,718.71                      "
"South Carolina                                          $0.00      $900,211.50                      "
"South Dakota                                            $0.00        $2,244.92                      "
"Tennessee                                               $0.00      $207,805.97                      "
"Texas                                                   $0.00       $30,659.11                      "
"Utah                                                    $0.00        $1,125.00                      "
"Vermont                                                 $0.00       $41,993.79                      "
"Virginia                                                $0.00      $177,643.59                      "
"Washington                                              $0.00        $2,415.13                      "
"West Virginia                                           $0.00        $1,130.15                      "
"Wisconsin                                               $0.00      $173,050.83                      "
"Wyoming                                                 $0.00            $2.33                      "
"Totals                                                  $0.00    $5,739,599.83                      "
"                                                                                                    "
"URL: https://docquery.fec.gov/cgi-bin/forms/C00384073/1920459                                       "
"                                                                                                    "
"Version: v8.5  Size: 1.36 KiB                                                                       "
"Software: FECfile 8.5.0.0(f33)                                                                      "
"                                                                                                    "
"                                                                                                    "
"                                                                                                    "
"                                                                                                    "
"                                                                                                    "
"────────────────────────────────────────────────────────────────────────────────────────────────────"
"                           Esc/q back  c filer  o open  y copy  j/k scroll                          "
