---
source: crates/fec-cli/src/tui/filing_detail/f1.rs
expression: "render_fixture(\"F1N_1906351.fec\", 100, 70)"
snapshot_kind: text
---
"FEC-1906351 F1N by Families for James Lankford (C00466482)                                          "
"Signed by: Mrs. Terri Lynn Miller on 2025-07-28                                                     "
"                                                                                                    "
"Committee                                                                                           "
"Name:             Families for James Lankford                                                       "
"FEC ID:           C00466482                                                                         "
"Address:          PO Box 1639                                                                       "
"                  Bethany, OK 730081639                                                             "
"Email:            terri@jameslankford.com                                                           "
"Website:          www.jameslankford.com                                                             "
"Effective date:   2025-07-01                                                                        "
"                                                                                                    "
"Type & designation                                                                                  "
"Committee type:   5(a) Principal Campaign Committee (A)                                             "
"Party:            Republican (REP) · National party (NAT)                                           "
"                                                                                                    "
"Candidate                                                                                           "
"Name:             James Paul Lankford (S4OK00232)                                                   "
"Office:           Senate · OK                                                                       "
"                                                                                                    "
"Affiliated / connected organization                                                                 "
"Name:             Monday Meeting PAC (C00494567)                                                    "
"Relationship:     Joint Fundraising Participant (JFR)                                               "
"Address:          228 S Washington St, Ste 115                                                      "
"                  Alexandria, VA 223145404                                                          "
"                                                                                                    "
"Custodian of records                                                                                "
"Name:             Mrs. Terri Lynn Miller                                                            "
"Title:            Custodian of Records                                                              "
"Address:          14520 Chambery Ct                                                                 "
"                  Yukon, OK 730994743                                                               "
"Phone:            (405) 826-6448                                                                    "
"                                                                                                    "
"Treasurer                                                                                           "
"Name:             Mrs. Terri Lynn Miller                                                            "
"Title:            Treasurer                                                                         "
"Address:          14520 Chambery Ct                                                                 "
"                  Yukon, OK 730994743                                                               "
"Phone:            (405) 826-6448                                                                    "
"                                                                                                    "
"Designated agent                                                                                    "
"Name:             Mrs. Terri Lynn Miller                                                            "
"Title:            Custodian of Records                                                              "
"Address:          14520 Chambery Ct                                                                 "
"                  Yukon, OK 730994743                                                               "
"Phone:            (405) 826-6448                                                                    "
"                                                                                                    "
"Banks / depositories                                                                                "
"Bank 1:           MidFirst Bank                                                                     "
"Address:          PO Box 76149                                                                      "
"                  Oklahoma City, OK 73142                                                           "
"Bank 2:           MidFirst Bank                                                                     "
"Address:          PO Box 76149                                                                      "
"                  Oklahoma City, OK 73142                                                           "
"                                                                                                    "
"Further affiliates, agents and banks may be filed on F1S records.                                   "
"                                                                                                    "
"URL: https://docquery.fec.gov/cgi-bin/forms/C00466482/1906351                                       "
"                                                                                                    "
"Version: v8.4  Size: 732 B                                                                          "
"Software: Campaign Manager 360 1.0                                                                  "
"                                                                                                    "
"                                                                                                    "
"                                                                                                    "
"                                                                                                    "
"                                                                                                    "
"                                                                                                    "
"                                                                                                    "
"────────────────────────────────────────────────────────────────────────────────────────────────────"
"                     Esc/q back  c filer  o open  w website  y copy  j/k scroll                     "
