---
source: crates/fec-cli/src/tui/filing_detail/mod.rs
expression: "render_fixture(\"F1N_1910281.fec\", 100, 50)"
snapshot_kind: text
---
"FEC-1910281 F1N  by Pete Barlow for Congress (C00914911)                                            "
"Signed by: Sonya McGrady on 2025-08-05                                                              "
"                                                                                                    "
"Address: PO Box1017, Harrisonburg, VA 22803                                                         "
"Email: sonya@pbccompliance.org                                                                      "
"Effective Date: 2025-08-05                                                                          "
"Committee Type: A                                                                                   "
"                                                                                                    "
"Party: DEM                                                                                          "
"                                                                                                    "
"URL: https://docquery.fec.gov/cgi-bin/forms/C00914911/1910281                                       "
"                                                                                                    "
"Version: v8.4  Size: 470 B                                                                          "
"Software: FEC Webforms 8.4.0.0                                                                      "
"                                                                                                    "
"                                                                                                    "
"                                                                                                    "
"                                                                                                    "
"                                                                                                    "
"                                                                                                    "
"                                                                                                    "
"                                                                                                    "
"                                                                                                    "
"                                                                                                    "
"                                                                                                    "
"                                                                                                    "
"                                                                                                    "
"                                                                                                    "
"                                                                                                    "
"                                                                                                    "
"                                                                                                    "
"                                                                                                    "
"                                                                                                    "
"                                                                                                    "
"                                                                                                    "
"                                                                                                    "
"                                                                                                    "
"                                                                                                    "
"                                                                                                    "
"                                                                                                    "
"                                                                                                    "
"                                                                                                    "
"                                                                                                    "
"                                                                                                    "
"                                                                                                    "
"                                                                                                    "
"                                                                                                    "
"                                                                                                    "
"────────────────────────────────────────────────────────────────────────────────────────────────────"
"                           Esc/q back  c filer  o open  y copy  j/k scroll                          "
