---
source: crates/fec-cli/src/tui/filing_detail/mod.rs
expression: "render_fixture(\"F3XN_1926068.fec\", 100, 50)"
snapshot_kind: text
---
"FEC-1926068 F3XN November Monthly by Ohio Democratic Party - Federal (C00016899)                    "
"2025-10-01 through 2025-10-31                                                                       "
"                                                                                                    "
"Signed by: Patricia Frost-Brooks on 2025-11-20                                                      "
"                                                                                                    "
"Committee:        Ohio Democratic Party - Federal (C00016899)                                       "
"Address:          697 E Broad St Ste 101                                                            "
"                  Columbus, OH 43215                                                                "
"Report:           November Monthly (M11)                                                            "
"                                                                                                    "
"Cash on Hand - Start      $1,976,082.12                                                             "
"Receipts              +     $445,072.35                                                             "
"Disbursements         -     $326,738.89                                                             "
"Cash on Hand - End        $2,094,415.58 +$118,333.46, +6%                                           "
"                                                                                                    "
"Summary Page                                                                                        "
"                                                      This Period     Year-to-Date                  "
"6(a) Cash on Hand January 1, 2025                                    $1,837,196.51                  "
"6(b) Cash on Hand at Beginning of Period            $1,976,082.12                                   "
"6(c) Total Receipts                                   $445,072.35    $3,484,593.19                  "
"6(d) Subtotal                                       $2,421,154.47    $5,321,789.70                  "
"7.   Total Disbursements                              $326,738.89    $3,227,374.12                  "
"8.   Cash on Hand at Close of Period                $2,094,415.58    $2,094,415.58                  "
"9.   Debts Owed TO the Committee                            $0.00                                   "
"10.  Debts Owed BY the Committee                       $11,830.55                                   "
"                                                                                                    "
"Detailed Summary - I. Receipts                                                                      "
"                                                      This Period     Year-to-Date                  "
"11.  Contributions (other than loans) from:                                                         "
"  (a)(i)   Individuals, itemized                       $93,954.25      $653,698.71                  "
"  (a)(ii)  Individuals, unitemized                     $25,035.77      $238,420.76                  "
"  (a)(iii) Individuals, total                         $118,990.02      $892,119.47                  "
"  (b) Political party committees                            $0.00          $750.00                  "
"  (c) Other political committees                        $5,000.00       $31,300.00                  "
"  (d) Total contributions                             $123,990.02      $924,169.47                  "
"12.  Transfers from affiliated/party cmtes            $148,541.21      $811,786.73                  "
"13.  All loans received                                     $0.00            $0.00                  "
"14.  Loan repayments received                               $0.00            $0.00                  "
"15.  Offsets to operating expenditures                  $3,688.84      $124,797.71                  "
"16.  Refunds of contributions made                          $0.00            $0.00                  "
"17.  Other federal receipts                             $1,397.28      $106,527.31                  "
"18.  Transfers from nonfederal/Levin:                                                               "
"  (a) Nonfederal account (H3)                         $167,455.00    $1,517,311.97                  "
"  (b) Levin funds (H5)                                      $0.00            $0.00                  "
"  (c) Total transfers                                 $167,455.00    $1,517,311.97                  "
"19.  Total receipts                                   $445,072.35    $3,484,593.19                  "
"20.  Total federal receipts                           $277,617.35    $1,967,281.22                  "
"                                                                                                    "
"────────────────────────────────────────────────────────────────────────────────────────────────────"
"                           Esc/q back  c filer  o open  y copy  j/k scroll                          "
