---
source: crates/fec-cli/src/tui/filing_detail/mod.rs
expression: "render_fixture(\"F7N_1884734.fec\", 100, 50)"
snapshot_kind: text
---
"FEC-1884734 F7N April Quarterly by National Association of REALTORS (C70002563)                     "
"2025-01-01 through 2025-03-31                                                                       "
"                                                                                                    "
"Signed by: Mr. Craig W Sanford on 2025-04-09                                                        "
"                                                                                                    "
"Address:          430 N. Michigan Avenue                                                            "
"                  Chicago, IL 606114011                                                             "
"Organization:     Membership Organization (M)                                                       "
"Report:           April 15 Quarterly Report (Q1)                                                    "
"Signer title:     Treasurer                                                                         "
"                                                                                                    "
"SUMMARY OF COMMUNICATION COSTS                                                                      "
"Total costs this period                                $26,652.38                                   "
"                                                                                                    "
"URL: https://docquery.fec.gov/cgi-bin/forms/C70002563/1884734                                       "
"                                                                                                    "
"Version: v8.4  Size: 206 B                                                                          "
"Software: Campaign Manager 360 1.0                                                                  "
"                                                                                                    "
"                                                                                                    "
"                                                                                                    "
"                                                                                                    "
"                                                                                                    "
"                                                                                                    "
"                                                                                                    "
"                                                                                                    "
"                                                                                                    "
"                                                                                                    "
"                                                                                                    "
"                                                                                                    "
"                                                                                                    "
"                                                                                                    "
"                                                                                                    "
"                                                                                                    "
"                                                                                                    "
"                                                                                                    "
"                                                                                                    "
"                                                                                                    "
"                                                                                                    "
"                                                                                                    "
"                                                                                                    "
"                                                                                                    "
"                                                                                                    "
"                                                                                                    "
"                                                                                                    "
"                                                                                                    "
"                                                                                                    "
"                                                                                                    "
"────────────────────────────────────────────────────────────────────────────────────────────────────"
"                           Esc/q back  c filer  o open  y copy  j/k scroll                          "
