---
source: crates/fec-cli/src/tui/filing_detail/mod.rs
expression: "render_fixture(\"F1N_1910281.fec\", 100, 50)"
snapshot_kind: text
---
"FEC-1910281 F1N by Pete Barlow for Congress (C00914911)                                             "
"Signed by: Sonya McGrady on 2025-08-05                                                              "
"                                                                                                    "
"Committee                                                                                           "
"Name:             Pete Barlow for Congress                                                          "
"FEC ID:           C00914911                                                                         "
"Address:          PO Box1017                                                                        "
"                  Harrisonburg, VA 22803                                                            "
"Email:            sonya@pbccompliance.org                                                           "
"Effective date:   2025-08-05                                                                        "
"                                                                                                    "
"Type & designation                                                                                  "
"Committee type:   5(a) Principal Campaign Committee (A)                                             "
"Party:            Democratic Party (DEM)                                                            "
"                                                                                                    "
"Candidate                                                                                           "
"Name:             Pete Barlow                                                                       "
"Office:           House · VA · District 06                                                          "
"                                                                                                    "
"Custodian of records                                                                                "
"Name:             Sonya McGrady                                                                     "
"Title:            Treasurer                                                                         "
"Address:          PO Box 1017                                                                       "
"                  Harrisonburg, VA 22803                                                            "
"                                                                                                    "
"Treasurer                                                                                           "
"Name:             Sonya McGrady                                                                     "
"Title:            Treasurer                                                                         "
"Address:          PO Box 1017                                                                       "
"                  Harrisonburg, VA 22803                                                            "
"                                                                                                    "
"Designated agent                                                                                    "
"Name:             Jayne Docherty                                                                    "
"Title:            Chair                                                                             "
"Address:          PO Box 1017                                                                       "
"                  Harrisonburg, VA 22803                                                            "
"                                                                                                    "
"Banks / depositories                                                                                "
"Bank 1:           Truist Bank                                                                       "
"Address:          214 N Tryon Street                                                                "
"                  Charlotte, NC 28202                                                               "
"                                                                                                    "
"Further affiliates, agents and banks may be filed on F1S records.                                   "
"                                                                                                    "
"URL: https://docquery.fec.gov/cgi-bin/forms/C00914911/1910281                                       "
"                                                                                                    "
"Version: v8.4  Size: 470 B                                                                          "
"Software: FEC Webforms 8.4.0.0                                                                      "
"────────────────────────────────────────────────────────────────────────────────────────────────────"
"                           Esc/q back  c filer  o open  y copy  j/k scroll                          "
