---
source: crates/fec-cli/src/tui/filing_detail/mod.rs
expression: "render_fixture(\"F3XA_1909193.fec\", 40, 130)"
snapshot_kind: text
---
"FEC-1909193 F3XA Pre-General by ACPAC AC"
"2024-10-01 through 2024-10-16           "
"                                        "
"Signed by: Lori Ann Speiss on 2025-07-25"
"                                        "
"Committee:        ACPAC ACA             "
"                  INTERNATIONAL         "
"                  POLITICAL ACTION      "
"                  COMMITTEE (C00034785) "
"                  - multicandidate      "
"                  committee             "
"Address:          3200 Courthouse Lane  "
"                  Eagan, MN 551211585   "
"Report:           Pre-General (12G)     "
"Election:         General (G2024) on    "
"                  2024-11-05 in DC      "
"                                        "
"Cash on Hand - Start        $254,937.99 "
"Receipts              +      $17,025.98 "
"Disbursements         -      $22,333.61 "
"Cash on Hand - End          $249,630.36 "
"                      -$5,307.63, -2%   "
"                                        "
"Summary Page                            "
"            This Period     Year-to-Date"
"6(a) Cash on Hand January 1, 2024       "
"                             $259,077.69"
"6(b) Cash on Hand at Beginning of Period"
"            $254,937.99                 "
"6(c) Total Receipts                     "
"             $17,025.98      $222,322.82"
"6(d) Subtotal                           "
"            $271,963.97      $481,400.51"
"7.   Total Disbursements                "
"             $22,333.61      $231,770.15"
"8.   Cash on Hand at Close of Period    "
"            $249,630.36      $249,630.36"
"9.   Debts Owed TO the Committee        "
"                  $0.00                 "
"10.  Debts Owed BY the Committee        "
"                  $0.00                 "
"                                        "
"Detailed Summary - I. Receipts          "
"            This Period     Year-to-Date"
"11.  Contributions (other than loans)   "
"     from:                              "
"  (a)(i)   Individuals, itemized        "
"             $16,564.08      $209,220.60"
"  (a)(ii)  Individuals, unitemized      "
"                $300.00        $2,563.00"
"  (a)(iii) Individuals, total           "
"             $16,864.08      $211,783.60"
"  (b) Political party committees        "
"                  $0.00            $0.00"
"  (c) Other political committees        "
"                  $0.00        $5,000.00"
"  (d) Total contributions               "
"             $16,864.08      $216,783.60"
"12.  Transfers from affiliated/party    "
"     cmtes                              "
"                  $0.00            $0.00"
"13.  All loans received                 "
"                  $0.00            $0.00"
"14.  Loan repayments received           "
"                  $0.00            $0.00"
"15.  Offsets to operating expenditures  "
"                $161.90        $5,539.22"
"16.  Refunds of contributions made      "
"                  $0.00            $0.00"
"17.  Other federal receipts             "
"                  $0.00            $0.00"
"18.  Transfers from nonfederal/Levin:   "
"  (a) Nonfederal account (H3)           "
"                  $0.00            $0.00"
"  (b) Levin funds (H5)                  "
"                  $0.00            $0.00"
"  (c) Total transfers                   "
"                  $0.00            $0.00"
"19.  Total receipts                     "
"             $17,025.98      $222,322.82"
"20.  Total federal receipts             "
"             $17,025.98      $222,322.82"
"                                        "
"Detailed Summary - II. Disbursements    "
"            This Period     Year-to-Date"
"21.  Operating expenditures:            "
"  (a)(i)  Shared, federal share (H4)    "
"                  $0.00            $0.00"
"  (a)(ii) Shared, nonfederal share (H4) "
"                  $0.00            $0.00"
"  (b) Other federal operating           "
"                $333.61        $5,520.15"
"  (c) Total operating expenditures      "
"                $333.61        $5,520.15"
"22.  Transfers to affiliated/party cmtes"
"                  $0.00            $0.00"
"23.  Contributions to federal           "
"     cands/cmtes                        "
"             $22,000.00      $225,750.00"
"24.  Independent expenditures           "
"                  $0.00            $0.00"
"25.  Coordinated party expenditures     "
"                  $0.00            $0.00"
"26.  Loan repayments made               "
"                  $0.00            $0.00"
"27.  Loans made                         "
"                  $0.00            $0.00"
"28.  Refunds of contributions to:       "
"  (a) Individuals/persons               "
"                  $0.00          $500.00"
"  (b) Political party committees        "
"                  $0.00            $0.00"
"  (c) Other political committees        "
"                  $0.00            $0.00"
"  (d) Total contribution refunds        "
"                  $0.00          $500.00"
"29.  Other disbursements                "
"                  $0.00            $0.00"
"30.  Federal election activity:         "
"  (a)(i)  Shared, federal share (H6)    "
"                  $0.00            $0.00"
"  (a)(ii) Shared, Levin share (H6)      "
"                  $0.00            $0.00"
"  (b) Paid entirely with federal funds  "
"                  $0.00            $0.00"
"  (c) Total federal election activity   "
"                  $0.00            $0.00"
"31.  Total disbursements                "
"────────────────────────────────────────"
"Esc/q back  c filer  o open  y copy  j/k"
