---
source: crates/fec-cli/src/tui/filing_detail/mod.rs
expression: "render_fixture(\"F24A_1952541.fec\", 100, 50)"
snapshot_kind: text
---
"FEC-1952541 F24A 24-Hour Report by Fairshake (C00835959)                                            "
"Signed by: Brandon Philipczyk on 2026-03-10                                                         "
"                                                                                                    "
" 24-HOUR REPORT  of Independent Expenditures                                                        "
"AMENDMENT of the report filed 2026-03-06                                                            "
"Independent expenditures aggregating $1,000 or more after the 20th day, but more than 24 hours,     "
"before the election.                                                                                "
"                                                                                                    "
"Committee                                                                                           "
"Name:             Fairshake                                                                         "
"FEC ID:           C00835959                                                                         "
"Address:          2038 Ford Parkway, #404                                                           "
"                  St. Paul, MN 55116                                                                "
"Treasurer:        Brandon Philipczyk                                                                "
"                                                                                                    "
"Each report includes the information required on Schedule E; the same expenditures are reported     "
"again on the committee's next regular report.                                                       "
"                                                                                                    "
"URL: https://docquery.fec.gov/cgi-bin/forms/C00835959/1952541                                       "
"                                                                                                    "
"Version: v8.5  Size: 149 B                                                                          "
"Software: FECFile 8.5                                                                               "
"Report ID: 'FEC-1952083' (1)                                                                        "
"                                                                                                    "
"                                                                                                    "
"                                                                                                    "
"                                                                                                    "
"                                                                                                    "
"                                                                                                    "
"                                                                                                    "
"                                                                                                    "
"                                                                                                    "
"                                                                                                    "
"                                                                                                    "
"                                                                                                    "
"                                                                                                    "
"                                                                                                    "
"                                                                                                    "
"                                                                                                    "
"                                                                                                    "
"                                                                                                    "
"                                                                                                    "
"                                                                                                    "
"                                                                                                    "
"                                                                                                    "
"                                                                                                    "
"                                                                                                    "
"                                                                                                    "
"────────────────────────────────────────────────────────────────────────────────────────────────────"
"                           Esc/q back  c filer  o open  y copy  j/k scroll                          "
