---
source: crates/fec-cli/src/tui/filing_detail/mod.rs
expression: "render_fixture(\"F2A_1902439.fec\", 100, 50)"
snapshot_kind: text
---
"FEC-1902439 F2A by Salazar For Congress (H8FL27185)                                                 "
"Signed by: Maria Elvira Salazar on 2025-07-15                                                       "
"                                                                                                    "
"Statement of Candidacy - Amended statement                                                          "
"                                                                                                    "
"Candidate                                                                                           "
"Name:             Maria Elvira Salazar                                                              "
"Candidate ID:     H8FL27185                                                                         "
"Address:          3725 West Flagler Street, #281                                                    "
"                  Miami, FL 33134 (changed)                                                         "
"Party:            Republican Party (REP)                                                            "
"                                                                                                    "
"Office Sought                                                                                       "
"Office:           House (H)                                                                         "
"State/District:   FL, District 27                                                                   "
"Election year:    2026                                                                              "
"                                                                                                    "
"Principal Campaign Committee                                                                        "
"Name:             Salazar For Congress (C00714261)                                                  "
"Address:          3725 West Flagler Street, #281                                                    "
"                  Miami, FL 33134                                                                   "
"                                                                                                    "
"Other Authorized Committee                                                                          "
"Name:             Salazar Victory Committee (C00769711)                                             "
"Address:          3725 West Flagler Street, #281                                                    "
"                  Miami, FL 33134                                                                   "
"Any further authorized committees are listed on F2S records.                                        "
"                                                                                                    "
"URL: https://docquery.fec.gov/cgi-bin/forms/H8FL27185/1902439                                       "
"                                                                                                    "
"Version: v8.4  Size: 345 B                                                                          "
"Software: CMDI CRIMSON FILER 6.0                                                                    "
"Report ID: 'FEC-1211980' (18)                                                                       "
"                                                                                                    "
"                                                                                                    "
"                                                                                                    "
"                                                                                                    "
"                                                                                                    "
"                                                                                                    "
"                                                                                                    "
"                                                                                                    "
"                                                                                                    "
"                                                                                                    "
"                                                                                                    "
"                                                                                                    "
"                                                                                                    "
"                                                                                                    "
"                                                                                                    "
"────────────────────────────────────────────────────────────────────────────────────────────────────"
"                           Esc/q back  c filer  o open  y copy  j/k scroll                          "
